2025/12/24 17:59:05 [notice] 1#1: signal 3 (SIGQUIT) received, shutting down
2025/12/24 17:59:05 [notice] 22#22: gracefully shutting down
2025/12/24 17:59:05 [notice] 33#33: gracefully shutting down
2025/12/24 17:59:05 [notice] 23#23: gracefully shutting down
2025/12/24 17:59:05 [notice] 25#25: gracefully shutting down
2025/12/24 17:59:05 [notice] 24#24: gracefully shutting down
2025/12/24 17:59:05 [notice] 26#26: gracefully shutting down
2025/12/24 17:59:05 [notice] 27#27: gracefully shutting down
2025/12/24 17:59:05 [notice] 28#28: gracefully shutting down
2025/12/24 17:59:05 [notice] 29#29: gracefully shutting down
2025/12/24 17:59:05 [notice] 30#30: gracefully shutting down
2025/12/24 17:59:05 [notice] 31#31: gracefully shutting down
2025/12/24 17:59:05 [notice] 32#32: gracefully shutting down
2025/12/24 17:59:05 [notice] 22#22: exiting
2025/12/24 17:59:05 [notice] 33#33: exiting
2025/12/24 17:59:05 [notice] 23#23: exiting
2025/12/24 17:59:05 [notice] 25#25: exiting
2025/12/24 17:59:05 [notice] 24#24: exiting
2025/12/24 17:59:05 [notice] 26#26: exiting
2025/12/24 17:59:05 [notice] 27#27: exiting
2025/12/24 17:59:05 [notice] 28#28: exiting
2025/12/24 17:59:05 [notice] 29#29: exiting
2025/12/24 17:59:05 [notice] 30#30: exiting
2025/12/24 17:59:05 [notice] 31#31: exiting
2025/12/24 17:59:05 [notice] 32#32: exiting
2025/12/24 17:59:05 [notice] 22#22: exit
2025/12/24 17:59:05 [notice] 33#33: exit
2025/12/24 17:59:05 [notice] 23#23: exit
2025/12/24 17:59:05 [notice] 25#25: exit
2025/12/24 17:59:05 [notice] 24#24: exit
2025/12/24 17:59:05 [notice] 26#26: exit
2025/12/24 17:59:05 [notice] 27#27: exit
2025/12/24 17:59:05 [notice] 28#28: exit
2025/12/24 17:59:05 [notice] 29#29: exit
2025/12/24 17:59:05 [notice] 30#30: exit
2025/12/24 17:59:05 [notice] 31#31: exit
2025/12/24 17:59:05 [notice] 32#32: exit
2025/12/24 17:59:05 [notice] 1#1: signal 17 (SIGCHLD) received from 27
2025/12/24 17:59:05 [notice] 1#1: worker process 26 exited with code 0
2025/12/24 17:59:05 [notice] 1#1: worker process 27 exited with code 0
2025/12/24 17:59:05 [notice] 1#1: worker process 29 exited with code 0
2025/12/24 17:59:05 [notice] 1#1: signal 29 (SIGIO) received
2025/12/24 17:59:05 [notice] 1#1: signal 17 (SIGCHLD) received from 23
2025/12/24 17:59:05 [notice] 1#1: worker process 22 exited with code 0
2025/12/24 17:59:05 [notice] 1#1: worker process 23 exited with code 0
2025/12/24 17:59:05 [notice] 1#1: worker process 24 exited with code 0
2025/12/24 17:59:05 [notice] 1#1: worker process 25 exited with code 0
2025/12/24 17:59:05 [notice] 1#1: worker process 28 exited with code 0
2025/12/24 17:59:05 [notice] 1#1: worker process 30 exited with code 0
2025/12/24 17:59:05 [notice] 1#1: worker process 32 exited with code 0
2025/12/24 17:59:05 [notice] 1#1: worker process 33 exited with code 0
2025/12/24 17:59:05 [notice] 1#1: signal 29 (SIGIO) received
2025/12/24 17:59:05 [notice] 1#1: signal 17 (SIGCHLD) received from 28
2025/12/24 17:59:05 [notice] 1#1: signal 17 (SIGCHLD) received from 31
2025/12/24 17:59:05 [notice] 1#1: worker process 31 exited with code 0
2025/12/24 17:59:05 [notice] 1#1: exit
2025/12/24 17:59:05 [notice] 1#1: using the "epoll" event method
2025/12/24 17:59:05 [notice] 1#1: nginx/1.25.3
2025/12/24 17:59:05 [notice] 1#1: built by gcc 12.2.0 (Debian 12.2.0-14) 
2025/12/24 17:59:05 [notice] 1#1: OS: Linux 6.6.87.2-microsoft-standard-WSL2
2025/12/24 17:59:05 [notice] 1#1: getrlimit(RLIMIT_NOFILE): 1048576:1048576
2025/12/24 17:59:05 [notice] 1#1: start worker processes
2025/12/24 17:59:05 [notice] 1#1: start worker process 22
2025/12/24 17:59:05 [notice] 1#1: start worker process 23
2025/12/24 17:59:05 [notice] 1#1: start worker process 24
2025/12/24 17:59:05 [notice] 1#1: start worker process 25
2025/12/24 17:59:05 [notice] 1#1: start worker process 26
2025/12/24 17:59:05 [notice] 1#1: start worker process 27
2025/12/24 17:59:05 [notice] 1#1: start worker process 28
2025/12/24 17:59:05 [notice] 1#1: start worker process 29
2025/12/24 17:59:05 [notice] 1#1: start worker process 30
2025/12/24 17:59:05 [notice] 1#1: start worker process 31
2025/12/24 17:59:05 [notice] 1#1: start worker process 32
2025/12/24 17:59:05 [notice] 1#1: start worker process 33
2025/12/24 17:59:09 [error] 22#22: *1 open() "/home/www/favicon.ico" failed (2: No such file or directory), client: 172.19.0.1, server: , request: "GET /favicon.ico HTTP/1.1", host: "127.0.0.1:8080", referrer: "http://127.0.0.1:8080/"
2026/02/11 10:21:42 [notice] 1#1: using the "epoll" event method
2026/02/11 10:21:42 [notice] 1#1: nginx/1.25.3
2026/02/11 10:21:42 [notice] 1#1: built by gcc 12.2.0 (Debian 12.2.0-14) 
2026/02/11 10:21:42 [notice] 1#1: OS: Linux 5.15.49-linuxkit
2026/02/11 10:21:42 [notice] 1#1: getrlimit(RLIMIT_NOFILE): 1048576:1048576
2026/02/11 10:21:42 [notice] 1#1: start worker processes
2026/02/11 10:21:42 [notice] 1#1: start worker process 22
2026/02/11 10:21:42 [notice] 1#1: start worker process 23
2026/02/11 10:21:42 [notice] 1#1: start worker process 24
2026/02/11 10:21:42 [notice] 1#1: start worker process 25
2026/02/11 10:21:42 [notice] 1#1: start worker process 26
2026/02/11 10:21:42 [notice] 1#1: start worker process 27
2026/02/11 10:29:06 [notice] 26#26: signal 15 (SIGTERM) received, exiting
2026/02/11 10:29:06 [notice] 26#26: exiting
2026/02/11 10:29:06 [notice] 22#22: signal 15 (SIGTERM) received, exiting
2026/02/11 10:29:06 [notice] 22#22: exiting
2026/02/11 10:29:06 [notice] 27#27: signal 15 (SIGTERM) received, exiting
2026/02/11 10:29:06 [notice] 1#1: signal 15 (SIGTERM) received, exiting
2026/02/11 10:29:06 [notice] 23#23: signal 15 (SIGTERM) received, exiting
2026/02/11 10:29:52 [notice] 1#1: using the "epoll" event method
2026/02/11 10:29:52 [notice] 1#1: nginx/1.25.3
2026/02/11 10:29:52 [notice] 1#1: built by gcc 12.2.0 (Debian 12.2.0-14) 
2026/02/11 10:29:52 [notice] 1#1: OS: Linux 5.15.49-linuxkit
2026/02/11 10:29:52 [notice] 1#1: getrlimit(RLIMIT_NOFILE): 1048576:1048576
2026/02/11 10:29:52 [notice] 1#1: start worker processes
2026/02/11 10:29:52 [notice] 1#1: start worker process 22
2026/02/11 10:29:52 [notice] 1#1: start worker process 23
2026/02/11 10:29:52 [notice] 1#1: start worker process 24
2026/02/11 10:29:52 [notice] 1#1: start worker process 25
2026/02/11 10:29:52 [notice] 1#1: start worker process 26
2026/02/11 10:29:52 [notice] 1#1: start worker process 27
2026/02/11 10:39:14 [notice] 1#1: signal 3 (SIGQUIT) received, shutting down
2026/02/11 10:39:14 [notice] 23#23: gracefully shutting down
2026/02/11 10:39:14 [notice] 22#22: gracefully shutting down
2026/02/11 10:39:14 [notice] 25#25: gracefully shutting down
2026/02/11 10:39:14 [notice] 24#24: gracefully shutting down
2026/02/11 10:39:14 [notice] 26#26: gracefully shutting down
2026/02/11 10:39:14 [notice] 27#27: gracefully shutting down
2026/02/11 10:39:14 [notice] 23#23: exiting
2026/02/11 10:39:14 [notice] 22#22: exiting
2026/02/11 10:39:14 [notice] 25#25: exiting
2026/02/11 10:39:14 [notice] 24#24: exiting
2026/02/11 10:39:14 [notice] 26#26: exiting
2026/02/11 10:39:14 [notice] 27#27: exiting
2026/02/11 10:39:14 [notice] 23#23: exit
2026/02/11 10:39:14 [notice] 22#22: exit
2026/02/11 10:39:14 [notice] 25#25: exit
2026/02/11 10:39:14 [notice] 24#24: exit
2026/02/11 10:39:14 [notice] 26#26: exit
2026/02/11 10:39:14 [notice] 27#27: exit
2026/02/11 10:39:15 [notice] 1#1: signal 17 (SIGCHLD) received from 23
2026/02/11 10:39:15 [notice] 1#1: worker process 23 exited with code 0
2026/02/11 10:39:15 [notice] 1#1: signal 29 (SIGIO) received
2026/02/11 10:39:15 [notice] 1#1: signal 17 (SIGCHLD) received from 22
2026/02/11 10:39:15 [notice] 1#1: worker process 22 exited with code 0
2026/02/11 10:39:15 [notice] 1#1: worker process 25 exited with code 0
2026/02/11 10:39:15 [notice] 1#1: worker process 26 exited with code 0
2026/02/11 10:39:15 [notice] 1#1: signal 29 (SIGIO) received
2026/02/11 10:39:15 [notice] 1#1: signal 17 (SIGCHLD) received from 26
2026/02/11 10:39:15 [notice] 1#1: signal 17 (SIGCHLD) received from 24
2026/02/11 10:39:15 [notice] 1#1: worker process 24 exited with code 0
2026/02/11 10:39:15 [notice] 1#1: worker process 27 exited with code 0
2026/02/11 10:39:15 [notice] 1#1: exit
2026/02/11 10:50:18 [notice] 1#1: using the "epoll" event method
2026/02/11 10:50:18 [notice] 1#1: nginx/1.25.3
2026/02/11 10:50:18 [notice] 1#1: built by gcc 12.2.0 (Debian 12.2.0-14) 
2026/02/11 10:50:18 [notice] 1#1: OS: Linux 5.15.49-linuxkit
2026/02/11 10:50:18 [notice] 1#1: getrlimit(RLIMIT_NOFILE): 1048576:1048576
2026/02/11 10:50:18 [notice] 1#1: start worker processes
2026/02/11 10:50:18 [notice] 1#1: start worker process 23
2026/02/11 10:50:18 [notice] 1#1: start worker process 24
2026/02/11 10:50:18 [notice] 1#1: start worker process 25
2026/02/11 10:50:18 [notice] 1#1: start worker process 26
2026/02/11 10:50:18 [notice] 1#1: start worker process 27
2026/02/11 10:50:18 [notice] 1#1: start worker process 28
2026/02/24 12:47:44 [notice] 1#1: using the "epoll" event method
2026/02/24 12:47:44 [notice] 1#1: nginx/1.25.3
2026/02/24 12:47:44 [notice] 1#1: built by gcc 12.2.0 (Debian 12.2.0-14) 
2026/02/24 12:47:44 [notice] 1#1: OS: Linux 5.15.49-linuxkit
2026/02/24 12:47:44 [notice] 1#1: getrlimit(RLIMIT_NOFILE): 1048576:1048576
2026/02/24 12:47:44 [notice] 1#1: start worker processes
2026/02/24 12:47:44 [notice] 1#1: start worker process 22
2026/02/24 12:47:44 [notice] 1#1: start worker process 23
2026/02/24 12:47:44 [notice] 1#1: start worker process 24
2026/02/24 12:47:44 [notice] 1#1: start worker process 25
2026/02/24 12:47:44 [notice] 1#1: start worker process 26
2026/02/24 12:47:44 [notice] 1#1: start worker process 27
2026/02/24 13:17:22 [notice] 1#1: signal 3 (SIGQUIT) received, shutting down
2026/02/24 13:17:22 [notice] 23#23: gracefully shutting down
2026/02/24 13:17:22 [notice] 24#24: gracefully shutting down
2026/02/24 13:17:22 [notice] 24#24: exiting
2026/02/24 13:17:22 [notice] 26#26: gracefully shutting down
2026/02/24 13:17:22 [notice] 22#22: gracefully shutting down
2026/02/24 13:17:22 [notice] 27#27: gracefully shutting down
2026/02/24 13:17:22 [notice] 25#25: gracefully shutting down
2026/02/24 13:17:22 [notice] 23#23: exiting
2026/02/24 13:17:22 [notice] 24#24: exit
2026/02/24 13:17:22 [notice] 26#26: exiting
2026/02/24 13:17:22 [notice] 26#26: exit
2026/02/24 13:17:22 [notice] 27#27: exiting
2026/02/24 13:17:22 [notice] 23#23: exit
2026/02/24 13:17:22 [notice] 25#25: exiting
2026/02/24 13:17:22 [notice] 22#22: exiting
2026/02/24 13:17:22 [notice] 22#22: exit
2026/02/24 13:17:22 [notice] 27#27: exit
2026/02/24 13:17:22 [notice] 25#25: exit
2026/02/24 13:17:22 [notice] 1#1: signal 17 (SIGCHLD) received from 26
2026/02/24 13:17:22 [notice] 1#1: worker process 26 exited with code 0
2026/02/24 13:17:22 [notice] 1#1: signal 29 (SIGIO) received
2026/02/24 13:17:22 [notice] 1#1: signal 17 (SIGCHLD) received from 23
2026/02/24 13:17:22 [notice] 1#1: worker process 23 exited with code 0
2026/02/24 13:17:22 [notice] 1#1: signal 29 (SIGIO) received
2026/02/24 13:17:22 [notice] 1#1: signal 17 (SIGCHLD) received from 24
2026/02/24 13:17:22 [notice] 1#1: worker process 24 exited with code 0
2026/02/24 13:17:22 [notice] 1#1: signal 29 (SIGIO) received
2026/02/24 13:17:22 [notice] 1#1: signal 17 (SIGCHLD) received from 25
2026/02/24 13:17:22 [notice] 1#1: worker process 25 exited with code 0
2026/02/24 13:17:22 [notice] 1#1: signal 29 (SIGIO) received
2026/02/24 13:17:22 [notice] 1#1: signal 17 (SIGCHLD) received from 22
2026/02/24 13:17:22 [notice] 1#1: worker process 22 exited with code 0
2026/02/24 13:17:22 [notice] 1#1: signal 29 (SIGIO) received
2026/02/24 13:17:22 [notice] 1#1: signal 17 (SIGCHLD) received from 27
2026/02/24 13:17:22 [notice] 1#1: worker process 27 exited with code 0
2026/02/24 13:17:22 [notice] 1#1: exit
2026/02/24 13:36:29 [notice] 1#1: using the "epoll" event method
2026/02/24 13:36:29 [notice] 1#1: nginx/1.25.3
2026/02/24 13:36:29 [notice] 1#1: built by gcc 12.2.0 (Debian 12.2.0-14) 
2026/02/24 13:36:29 [notice] 1#1: OS: Linux 5.15.49-linuxkit
2026/02/24 13:36:29 [notice] 1#1: getrlimit(RLIMIT_NOFILE): 1048576:1048576
2026/02/24 13:36:29 [notice] 1#1: start worker processes
2026/02/24 13:36:29 [notice] 1#1: start worker process 22
2026/02/24 13:36:29 [notice] 1#1: start worker process 23
2026/02/24 13:36:29 [notice] 1#1: start worker process 24
2026/02/24 13:36:29 [notice] 1#1: start worker process 25
2026/02/24 13:36:29 [notice] 1#1: start worker process 26
2026/02/24 13:36:29 [notice] 1#1: start worker process 27
